#-----------------------------------------------------------
# Vivado v2019.2 (64-bit)
# SW Build 2708876 on Wed Nov  6 21:40:23 MST 2019
# IP Build 2700528 on Thu Nov  7 00:09:20 MST 2019
# Start of session at: Thu Aug 25 12:46:12 2022
# Process ID: 19024
# Current directory: F:/d41/cpu_pipline/single_cycle
# Command line: vivado.exe -gui_launcher_event rodinguilauncherevent18648 F:\d41\cpu_pipline\single_cycle\single_cycle.xpr
# Log file: F:/d41/cpu_pipline/single_cycle/vivado.log
# Journal file: F:/d41/cpu_pipline/single_cycle\vivado.jou
#-----------------------------------------------------------
start_gui
open_project F:/d41/cpu_pipline/single_cycle/single_cycle.xpr
update_compile_order -fileset sources_1
export_ip_user_files -of_objects  [get_files F:/d41/cpu_pipline/single_cycle/single_cycle.srcs/sources_1/new/myCPU/pc.v] -no_script -reset -force -quiet
remove_files  F:/d41/cpu_pipline/single_cycle/single_cycle.srcs/sources_1/new/myCPU/pc.v
file delete -force F:/d41/cpu_pipline/single_cycle/single_cycle.srcs/sources_1/new/myCPU/pc.v
export_ip_user_files -of_objects  [get_files F:/d41/cpu_pipline/single_cycle/single_cycle.srcs/sources_1/new/myCPU/regfile.v] -no_script -reset -force -quiet
remove_files  F:/d41/cpu_pipline/single_cycle/single_cycle.srcs/sources_1/new/myCPU/regfile.v
file delete -force F:/d41/cpu_pipline/single_cycle/single_cycle.srcs/sources_1/new/myCPU/regfile.v
export_ip_user_files -of_objects  [get_files F:/d41/cpu_pipline/single_cycle/single_cycle.srcs/sources_1/new/myCPU/alu.v] -no_script -reset -force -quiet
remove_files  F:/d41/cpu_pipline/single_cycle/single_cycle.srcs/sources_1/new/myCPU/alu.v
file delete -force F:/d41/cpu_pipline/single_cycle/single_cycle.srcs/sources_1/new/myCPU/alu.v
export_ip_user_files -of_objects  [get_files F:/d41/cpu_pipline/single_cycle/single_cycle.srcs/sources_1/new/myCPU/control.v] -no_script -reset -force -quiet
remove_files  F:/d41/cpu_pipline/single_cycle/single_cycle.srcs/sources_1/new/myCPU/control.v
file delete -force F:/d41/cpu_pipline/single_cycle/single_cycle.srcs/sources_1/new/myCPU/control.v
update_compile_order -fileset sources_1
add_files -norecurse {F:/d41/cpu_pipline/single_cycle/single_cycle.srcs/sources_1/new/myCPU/openmips.v F:/d41/cpu_pipline/single_cycle/single_cycle.srcs/sources_1/new/myCPU/pc_reg.v F:/d41/cpu_pipline/single_cycle/single_cycle.srcs/sources_1/new/myCPU/wb.v F:/d41/cpu_pipline/single_cycle/single_cycle.srcs/sources_1/new/myCPU/ex.v F:/d41/cpu_pipline/single_cycle/single_cycle.srcs/sources_1/new/myCPU/regfile.v F:/d41/cpu_pipline/single_cycle/single_cycle.srcs/sources_1/new/myCPU/id.v F:/d41/cpu_pipline/single_cycle/single_cycle.srcs/sources_1/new/myCPU/defines.v F:/d41/cpu_pipline/single_cycle/single_cycle.srcs/sources_1/new/myCPU/mem.v}
update_compile_order -fileset sources_1
launch_simulation
open_wave_config F:/d41/cpu_pipline/single_cycle/testbench_behav.wcfg
source testbench.tcl
relaunch_sim
save_wave_config {F:/d41/cpu_pipline/single_cycle/testbench_behav.wcfg}
close_sim
launch_simulation
open_wave_config F:/d41/cpu_pipline/single_cycle/testbench_behav.wcfg
source testbench.tcl
close_sim
launch_simulation
open_wave_config F:/d41/cpu_pipline/single_cycle/testbench_behav.wcfg
source testbench.tcl
close_sim
launch_simulation
open_wave_config F:/d41/cpu_pipline/single_cycle/testbench_behav.wcfg
source testbench.tcl
close_sim
update_compile_order -fileset sources_1
update_compile_order -fileset sources_1
launch_simulation
launch_simulation
add_files -norecurse {F:/d41/cpu_pipline/single_cycle/single_cycle.srcs/sources_1/new/myCPU/mem_wb.v F:/d41/cpu_pipline/single_cycle/single_cycle.srcs/sources_1/new/myCPU/ex_mem.v F:/d41/cpu_pipline/single_cycle/single_cycle.srcs/sources_1/new/myCPU/id_ex.v F:/d41/cpu_pipline/single_cycle/single_cycle.srcs/sources_1/new/myCPU/if_id.v}
update_compile_order -fileset sources_1
update_compile_order -fileset sources_1
update_compile_order -fileset sources_1
update_compile_order -fileset sources_1
launch_simulation
launch_simulation
export_ip_user_files -of_objects  [get_files F:/d41/cpu_pipline/single_cycle/single_cycle.srcs/sources_1/new/myCPU/cpu.v] -no_script -reset -force -quiet
remove_files  F:/d41/cpu_pipline/single_cycle/single_cycle.srcs/sources_1/new/myCPU/cpu.v
export_ip_user_files -of_objects  [get_files F:/d41/cpu_pipline/single_cycle/single_cycle.srcs/sources_1/new/myCPU/macro.vh] -no_script -reset -force -quiet
remove_files  F:/d41/cpu_pipline/single_cycle/single_cycle.srcs/sources_1/new/myCPU/macro.vh
launch_simulation
launch_simulation
launch_simulation
launch_simulation
launch_simulation
open_wave_config F:/d41/cpu_pipline/single_cycle/testbench_behav.wcfg
source testbench.tcl
close_sim
launch_simulation
open_wave_config F:/d41/cpu_pipline/single_cycle/testbench_behav.wcfg
source testbench.tcl
close_sim
